******************************************************************************
                  TI ARM Linker PC v20.2.6                     
******************************************************************************
>> Linked Fri Oct 14 13:20:43 2022

OUTPUT FILE NAME:   <lab5_Velu_manohar.out>
ENTRY POINT SYMBOL: "_c_int00_noinit_noargs"  address: 00000771


MEMORY CONFIGURATION

         name            origin    length      used     unused   attr    fill
----------------------  --------  ---------  --------  --------  ----  --------
  FLASH                 00000000   00040000  000007c0  0003f840  R  X
  SRAM                  20000000   00008000  00000200  00007e00  RW X


SEGMENT ALLOCATION MAP

run origin  load origin   length   init length attrs members
----------  ----------- ---------- ----------- ----- -------
00000000    00000000    000007c0   000007c0    r-x
  00000000    00000000    0000026c   0000026c    r-- .intvecs
  0000026c    0000026c    00000554   00000554    r-x .text
20000000    20000000    00000200   00000000    rw-
  20000000    20000000    00000200   00000000    rw- .stack


SECTION ALLOCATION MAP

 output                                  attributes/
section   page    origin      length       input sections
--------  ----  ----------  ----------   ----------------
.intvecs   0    00000000    0000026c     
                  00000000    0000026c     tm4c123gh6pm_startup_ccs.obj (.intvecs)

.text      0    0000026c    00000554     
                  0000026c    000003a0     lab5_Velu_Manohar.obj (.text)
                  0000060c    00000164     uart0.obj (.text)
                  00000770    0000002c     rtsv7M4_T_le_v4SPD16_eabi.lib : boot_cortex_m.c.obj (.text:_c_int00_noinit_noargs:_c_int00_noinit_noargs)
                  0000079c    00000010     clock.obj (.text)
                  000007ac    0000000c     tm4c123gh6pm_startup_ccs.obj (.text)
                  000007b8    00000004     rtsv7M4_T_le_v4SPD16_eabi.lib : pre_init.c.obj (.text:_system_pre_init)
                  000007bc    00000004                                   : exit.c.obj (.text:abort:abort)

.cinit     0    00000000    00000000     UNINITIALIZED

.init_array 
*          0    00000000    00000000     UNINITIALIZED

.stack     0    20000000    00000200     UNINITIALIZED
                  20000000    00000004     rtsv7M4_T_le_v4SPD16_eabi.lib : boot_cortex_m.c.obj (.stack)
                  20000004    000001fc     --HOLE--

__llvm_prf_cnts 
*          0    20000000    00000000     UNINITIALIZED

MODULE SUMMARY

       Module                         code   ro data   rw data
       ------                         ----   -------   -------
    .\
       lab5_Velu_Manohar.obj          928    0         0      
       tm4c123gh6pm_startup_ccs.obj   12     620       0      
       uart0.obj                      356    0         0      
       clock.obj                      16     0         0      
    +--+------------------------------+------+---------+---------+
       Total:                         1312   620       0      
                                                              
    C:\ti\ccs1200\ccs\tools\compiler\ti-cgt-arm_20.2.6.LTS\lib\rtsv7M4_T_le_v4SPD16_eabi.lib
       boot_cortex_m.c.obj            44     0         0      
       exit.c.obj                     4      0         0      
       pre_init.c.obj                 4      0         0      
    +--+------------------------------+------+---------+---------+
       Total:                         52     0         0      
                                                              
       Stack:                         0      0         512    
    +--+------------------------------+------+---------+---------+
       Grand Total:                   1364   620       512    


GLOBAL SYMBOLS: SORTED ALPHABETICALLY BY Name 

address   name                   
-------   ----                   
000007bd  C$$EXIT                
000007ad  ResetISR               
20000200  __STACK_END            
00000200  __STACK_SIZE           
20000200  __STACK_TOP            
ffffffff  __TI_pprof_out_hndl    
ffffffff  __TI_prof_data_size    
ffffffff  __TI_prof_data_start   
00000000  __TI_static_base__     
ffffffff  __binit__              
ffffffff  __c_args__             
UNDEFED   __mpu_init             
20000000  __stack                
20000000  __start___llvm_prf_cnts
20000000  __stop___llvm_prf_cnts 
00000771  _c_int00_noinit_noargs 
000007b9  _system_pre_init       
000007bd  abort                  
ffffffff  binit                  
00000000  g_pfnVectors           
0000046d  getFieldInteger        
00000439  getFieldString         
0000070d  getcUart0              
00000281  getsUart0              
0000026d  initHw                 
0000079d  initSystemClockTo40Mhz 
0000060d  initUart0              
000004d5  isCommand              
00000721  kbhitUart0             
00000539  main                   
00000307  parseFields            
000006c5  putcUart0              
000006e1  putsUart0              
00000681  setUart0BaudRate       


GLOBAL SYMBOLS: SORTED BY Symbol Address 

address   name                   
-------   ----                   
00000000  __TI_static_base__     
00000000  g_pfnVectors           
00000200  __STACK_SIZE           
0000026d  initHw                 
00000281  getsUart0              
00000307  parseFields            
00000439  getFieldString         
0000046d  getFieldInteger        
000004d5  isCommand              
00000539  main                   
0000060d  initUart0              
00000681  setUart0BaudRate       
000006c5  putcUart0              
000006e1  putsUart0              
0000070d  getcUart0              
00000721  kbhitUart0             
00000771  _c_int00_noinit_noargs 
0000079d  initSystemClockTo40Mhz 
000007ad  ResetISR               
000007b9  _system_pre_init       
000007bd  C$$EXIT                
000007bd  abort                  
20000000  __stack                
20000000  __start___llvm_prf_cnts
20000000  __stop___llvm_prf_cnts 
20000200  __STACK_END            
20000200  __STACK_TOP            
ffffffff  __TI_pprof_out_hndl    
ffffffff  __TI_prof_data_size    
ffffffff  __TI_prof_data_start   
ffffffff  __binit__              
ffffffff  __c_args__             
ffffffff  binit                  
UNDEFED   __mpu_init             

[34 symbols]
